TAP version 13
1..46
# selftests: drivers/net: gro.py
not ok 1 selftests: drivers/net: gro.py # exit=1
# selftests: drivers/net: hds.py
not ok 2 selftests: drivers/net: hds.py # exit=1
# selftests: drivers/net: macsec.py
not ok 3 selftests: drivers/net: macsec.py # exit=1
# selftests: drivers/net: napi_id.py
not ok 4 selftests: drivers/net: napi_id.py # exit=1
# selftests: drivers/net: napi_threaded.py
not ok 5 selftests: drivers/net: napi_threaded.py # exit=1
# selftests: drivers/net: netpoll_basic.py
not ok 6 selftests: drivers/net: netpoll_basic.py # exit=1
# selftests: drivers/net: ping.py
not ok 7 selftests: drivers/net: ping.py # exit=1
# selftests: drivers/net: psp.py
not ok 8 selftests: drivers/net: psp.py # exit=1
# selftests: drivers/net: queues.py
not ok 9 selftests: drivers/net: queues.py # exit=1
# selftests: drivers/net: ring_reconfig.py
not ok 10 selftests: drivers/net: ring_reconfig.py # exit=1
# selftests: drivers/net: shaper.py
not ok 11 selftests: drivers/net: shaper.py # exit=1
# selftests: drivers/net: so_txtime.py
not ok 12 selftests: drivers/net: so_txtime.py # exit=1
# selftests: drivers/net: stats.py
not ok 13 selftests: drivers/net: stats.py # exit=1
# selftests: drivers/net: xdp.py
not ok 14 selftests: drivers/net: xdp.py # exit=1
# selftests: drivers/net/hw: csum.py
ok 15 selftests: drivers/net/hw: csum.py
# selftests: drivers/net/hw: devlink_port_split.py
not ok 16 selftests: drivers/net/hw: devlink_port_split.py # exit=1
# selftests: drivers/net/hw: devlink_rate_tc_bw.py
not ok 17 selftests: drivers/net/hw: devlink_rate_tc_bw.py # exit=1
# selftests: drivers/net/hw: devmem.py
ok 18 selftests: drivers/net/hw: devmem.py
# selftests: drivers/net/hw: ethtool.sh
not ok 19 selftests: drivers/net/hw: ethtool.sh # exit=1
# selftests: drivers/net/hw: ethtool_extended_state.sh
not ok 20 selftests: drivers/net/hw: ethtool_extended_state.sh # exit=1
# selftests: drivers/net/hw: ethtool_mm.sh
not ok 21 selftests: drivers/net/hw: ethtool_mm.sh # exit=1
# selftests: drivers/net/hw: ethtool_rmon.sh
ok 22 selftests: drivers/net/hw: ethtool_rmon.sh # SKIP
# selftests: drivers/net/hw: ethtool_std_stats.sh
ok 23 selftests: drivers/net/hw: ethtool_std_stats.sh # SKIP
# selftests: drivers/net/hw: gro_hw.py
ok 24 selftests: drivers/net/hw: gro_hw.py
# selftests: drivers/net/hw: hw_stats_l3.sh
not ok 25 selftests: drivers/net/hw: hw_stats_l3.sh # exit=1
# selftests: drivers/net/hw: hw_stats_l3_gre.sh
not ok 26 selftests: drivers/net/hw: hw_stats_l3_gre.sh # exit=1
# selftests: drivers/net/hw: iou-zcrx.py
not ok 27 selftests: drivers/net/hw: iou-zcrx.py # exit=1
# selftests: drivers/net/hw: ipsec_vxlan.py
ok 28 selftests: drivers/net/hw: ipsec_vxlan.py
# selftests: drivers/net/hw: irq.py
not ok 29 selftests: drivers/net/hw: irq.py # exit=1
# selftests: drivers/net/hw: loopback.sh
not ok 30 selftests: drivers/net/hw: loopback.sh # exit=1
# selftests: drivers/net/hw: nic_timestamp.py
ok 31 selftests: drivers/net/hw: nic_timestamp.py
# selftests: drivers/net/hw: nk_devmem.py
not ok 32 selftests: drivers/net/hw: nk_devmem.py # exit=1
# selftests: drivers/net/hw: nk_netns.py
not ok 33 selftests: drivers/net/hw: nk_netns.py # exit=1
# selftests: drivers/net/hw: nk_qlease.py
not ok 34 selftests: drivers/net/hw: nk_qlease.py # exit=1
# selftests: drivers/net/hw: ntuple.py
ok 35 selftests: drivers/net/hw: ntuple.py
# selftests: drivers/net/hw: pp_alloc_fail.py
ok 36 selftests: drivers/net/hw: pp_alloc_fail.py
# selftests: drivers/net/hw: rss_api.py
not ok 37 selftests: drivers/net/hw: rss_api.py # exit=1
# selftests: drivers/net/hw: rss_ctx.py
not ok 38 selftests: drivers/net/hw: rss_ctx.py # exit=1
# selftests: drivers/net/hw: rss_drv.py
not ok 39 selftests: drivers/net/hw: rss_drv.py # exit=1
# selftests: drivers/net/hw: rss_flow_label.py
not ok 40 selftests: drivers/net/hw: rss_flow_label.py # exit=1
# selftests: drivers/net/hw: rss_input_xfrm.py
ok 41 selftests: drivers/net/hw: rss_input_xfrm.py
# selftests: drivers/net/hw: toeplitz.py
not ok 42 selftests: drivers/net/hw: toeplitz.py # exit=1
# selftests: drivers/net/hw: tso.py
not ok 43 selftests: drivers/net/hw: tso.py # exit=1
# selftests: drivers/net/hw: uso.py
ok 44 selftests: drivers/net/hw: uso.py
# selftests: drivers/net/hw: xdp_metadata.py
ok 45 selftests: drivers/net/hw: xdp_metadata.py
# selftests: drivers/net/hw: xsk_reconfig.py
ok 46 selftests: drivers/net/hw: xsk_reconfig.py
# 2 skipped test(s) detected.  Consider enabling relevant config options to improve coverage.
# Totals: pass:11 fail:33 xfail:0 xpass:0 skip:2 error:0
